[debug] [2026-04-12T13:35:30.186Z] ----------------------------------------------------------------------
[debug] [2026-04-12T13:35:30.191Z] Command:       C:\Program Files\nodejs\node.exe C:\Users\gabri\AppData\Roaming\npm\node_modules\firebase-tools\lib\bin\firebase.js init
[debug] [2026-04-12T13:35:30.192Z] CLI Version:   15.14.0
[debug] [2026-04-12T13:35:30.192Z] Platform:      win32
[debug] [2026-04-12T13:35:30.192Z] Node Version:  v24.14.1
[debug] [2026-04-12T13:35:30.192Z] Time:          Sun Apr 12 2026 10:35:30 GMT-0300 (Horário Padrão de Brasília)
[debug] [2026-04-12T13:35:30.192Z] ----------------------------------------------------------------------
[debug] 
[info] 
     ######## #### ########  ######## ########     ###     ######  ########
     ##        ##  ##     ## ##       ##     ##  ##   ##  ##       ##
     ######    ##  ########  ######   ########  #########  ######  ######
     ##        ##  ##    ##  ##       ##     ## ##     ##       ## ##
     ##       #### ##     ## ######## ########  ##     ##  ######  ########

You're about to initialize a Firebase project in this directory:

  C:\Users\gabri\OneDrive\Documentos\faculdade\PI1\ProjetoPI

[info] 
=== Project Setup
[info] 
[info] First, let's associate this project directory with a Firebase project.
[info] You can create multiple project aliases by running firebase use --add, 
[info] 
[debug] [2026-04-12T13:36:10.681Z] > command requires scopes: ["email","openid","https://www.googleapis.com/auth/cloudplatformprojects.readonly","https://www.googleapis.com/auth/firebase","https://www.googleapis.com/auth/cloud-platform"]
[debug] [2026-04-12T13:36:10.681Z] > authorizing via signed-in user (gabrielvitoroliveiraaguiar@gmail.com)
[debug] [2026-04-12T13:36:10.683Z] Checked if tokens are valid: true, expires at: 1776004474570
[debug] [2026-04-12T13:36:10.683Z] Checked if tokens are valid: true, expires at: 1776004474570
[debug] [2026-04-12T13:36:10.686Z] >>> [apiv2][query] GET https://firebase.googleapis.com/v1beta1/projects pageSize=100
[debug] [2026-04-12T13:36:11.685Z] <<< [apiv2][status] GET https://firebase.googleapis.com/v1beta1/projects 200
[debug] [2026-04-12T13:36:11.685Z] <<< [apiv2][body] GET https://firebase.googleapis.com/v1beta1/projects [omitted]
[info] 
=== Dataconnect Setup
[info] i  dataconnect: ensuring required API firebasedataconnect.googleapis.com is enabled... 
[debug] [2026-04-12T13:36:19.372Z] Checked if tokens are valid: true, expires at: 1776004474570
[debug] [2026-04-12T13:36:19.372Z] Checked if tokens are valid: true, expires at: 1776004474570
[info] i  dataconnect: ensuring required API sqladmin.googleapis.com is enabled... 
[debug] [2026-04-12T13:36:19.373Z] Checked if tokens are valid: true, expires at: 1776004474570
[debug] [2026-04-12T13:36:19.373Z] Checked if tokens are valid: true, expires at: 1776004474570
[debug] [2026-04-12T13:36:19.374Z] >>> [apiv2][query] GET https://serviceusage.googleapis.com/v1/projects/projeto-pi-law-s/services/firebasedataconnect.googleapis.com [none]
[debug] [2026-04-12T13:36:19.374Z] >>> [apiv2][(partial)header] GET https://serviceusage.googleapis.com/v1/projects/projeto-pi-law-s/services/firebasedataconnect.googleapis.com  x-goog-user-project=projeto-pi-law-s
[debug] [2026-04-12T13:36:19.375Z] >>> [apiv2][query] GET https://serviceusage.googleapis.com/v1/projects/projeto-pi-law-s/services/sqladmin.googleapis.com [none]
[debug] [2026-04-12T13:36:19.376Z] >>> [apiv2][(partial)header] GET https://serviceusage.googleapis.com/v1/projects/projeto-pi-law-s/services/sqladmin.googleapis.com  x-goog-user-project=projeto-pi-law-s
[debug] [2026-04-12T13:36:20.442Z] <<< [apiv2][status] GET https://serviceusage.googleapis.com/v1/projects/projeto-pi-law-s/services/sqladmin.googleapis.com 200
[debug] [2026-04-12T13:36:20.442Z] <<< [apiv2][body] GET https://serviceusage.googleapis.com/v1/projects/projeto-pi-law-s/services/sqladmin.googleapis.com [omitted]
[warn] !  dataconnect: missing required API sqladmin.googleapis.com. Enabling now... 
[debug] [2026-04-12T13:36:20.443Z] Checked if tokens are valid: true, expires at: 1776004474570
[debug] [2026-04-12T13:36:20.443Z] Checked if tokens are valid: true, expires at: 1776004474570
[debug] [2026-04-12T13:36:20.444Z] >>> [apiv2][query] POST https://serviceusage.googleapis.com/v1/projects/projeto-pi-law-s/services/sqladmin.googleapis.com:enable [none]
[debug] [2026-04-12T13:36:20.444Z] >>> [apiv2][(partial)header] POST https://serviceusage.googleapis.com/v1/projects/projeto-pi-law-s/services/sqladmin.googleapis.com:enable  x-goog-user-project=projeto-pi-law-s
[debug] [2026-04-12T13:36:20.486Z] <<< [apiv2][status] GET https://serviceusage.googleapis.com/v1/projects/projeto-pi-law-s/services/firebasedataconnect.googleapis.com 200
[debug] [2026-04-12T13:36:20.486Z] <<< [apiv2][body] GET https://serviceusage.googleapis.com/v1/projects/projeto-pi-law-s/services/firebasedataconnect.googleapis.com [omitted]
[warn] !  dataconnect: missing required API firebasedataconnect.googleapis.com. Enabling now... 
[debug] [2026-04-12T13:36:20.486Z] Checked if tokens are valid: true, expires at: 1776004474570
[debug] [2026-04-12T13:36:20.486Z] Checked if tokens are valid: true, expires at: 1776004474570
[debug] [2026-04-12T13:36:20.487Z] >>> [apiv2][query] POST https://serviceusage.googleapis.com/v1/projects/projeto-pi-law-s/services/firebasedataconnect.googleapis.com:enable [none]
[debug] [2026-04-12T13:36:20.487Z] >>> [apiv2][(partial)header] POST https://serviceusage.googleapis.com/v1/projects/projeto-pi-law-s/services/firebasedataconnect.googleapis.com:enable  x-goog-user-project=projeto-pi-law-s
[debug] [2026-04-12T13:36:21.169Z] <<< [apiv2][status] POST https://serviceusage.googleapis.com/v1/projects/projeto-pi-law-s/services/sqladmin.googleapis.com:enable 200
[debug] [2026-04-12T13:36:21.169Z] <<< [apiv2][body] POST https://serviceusage.googleapis.com/v1/projects/projeto-pi-law-s/services/sqladmin.googleapis.com:enable [omitted]
[debug] [2026-04-12T13:36:21.794Z] <<< [apiv2][status] POST https://serviceusage.googleapis.com/v1/projects/projeto-pi-law-s/services/firebasedataconnect.googleapis.com:enable 200
[debug] [2026-04-12T13:36:21.794Z] <<< [apiv2][body] POST https://serviceusage.googleapis.com/v1/projects/projeto-pi-law-s/services/firebasedataconnect.googleapis.com:enable [omitted]
[debug] [2026-04-12T13:36:31.803Z] Checked if tokens are valid: true, expires at: 1776004474570
[debug] [2026-04-12T13:36:31.803Z] Checked if tokens are valid: true, expires at: 1776004474570
[debug] [2026-04-12T13:36:31.803Z] >>> [apiv2][query] GET https://firebasedataconnect.googleapis.com/v1/projects/projeto-pi-law-s/locations/-/services [none]
[debug] [2026-04-12T13:36:33.119Z] <<< [apiv2][status] GET https://firebasedataconnect.googleapis.com/v1/projects/projeto-pi-law-s/locations/-/services 200
[debug] [2026-04-12T13:36:33.119Z] <<< [apiv2][body] GET https://firebasedataconnect.googleapis.com/v1/projects/projeto-pi-law-s/locations/-/services {}
[info] i  : ensuring required API cloudaicompanion.googleapis.com is enabled... 
[debug] [2026-04-12T13:36:39.063Z] Checked if tokens are valid: true, expires at: 1776004474570
[debug] [2026-04-12T13:36:39.063Z] Checked if tokens are valid: true, expires at: 1776004474570
[debug] [2026-04-12T13:36:39.063Z] >>> [apiv2][query] GET https://serviceusage.googleapis.com/v1/projects/projeto-pi-law-s/services/cloudaicompanion.googleapis.com [none]
[debug] [2026-04-12T13:36:39.064Z] >>> [apiv2][(partial)header] GET https://serviceusage.googleapis.com/v1/projects/projeto-pi-law-s/services/cloudaicompanion.googleapis.com  x-goog-user-project=projeto-pi-law-s
[debug] [2026-04-12T13:36:40.048Z] <<< [apiv2][status] GET https://serviceusage.googleapis.com/v1/projects/projeto-pi-law-s/services/cloudaicompanion.googleapis.com 200
[debug] [2026-04-12T13:36:40.048Z] <<< [apiv2][body] GET https://serviceusage.googleapis.com/v1/projects/projeto-pi-law-s/services/cloudaicompanion.googleapis.com [omitted]
[info] +  : required API cloudaicompanion.googleapis.com is enabled 
[debug] [2026-04-12T13:36:51.849Z] Checked if tokens are valid: true, expires at: 1776004474570
[debug] [2026-04-12T13:36:51.849Z] Checked if tokens are valid: true, expires at: 1776004474570
[debug] [2026-04-12T13:36:51.849Z] >>> [apiv2][query] GET https://cloudbilling.googleapis.com/v1/projects/projeto-pi-law-s/billingInfo [none]
[debug] [2026-04-12T13:36:53.281Z] <<< [apiv2][status] GET https://cloudbilling.googleapis.com/v1/projects/projeto-pi-law-s/billingInfo 200
[debug] [2026-04-12T13:36:53.281Z] <<< [apiv2][body] GET https://cloudbilling.googleapis.com/v1/projects/projeto-pi-law-s/billingInfo {"name":"projects/projeto-pi-law-s/billingInfo","projectId":"projeto-pi-law-s","billingAccountName":"","billingEnabled":false}
[debug] [2026-04-12T13:36:53.282Z] Checked if tokens are valid: true, expires at: 1776004474570
[debug] [2026-04-12T13:36:53.282Z] Checked if tokens are valid: true, expires at: 1776004474570
[debug] [2026-04-12T13:36:53.282Z] >>> [apiv2][query] GET https://monitoring.googleapis.com/v3/projects/projeto-pi-law-s/timeSeries/ filter=metric.type%3D%22serviceruntime.googleapis.com%2Fquota%2Fallocation%2Fusage%22+AND+metric.label.quota_metric+%3D+%22sqladmin.googleapis.com%2Ffdc_lifetime_free_trial_per_project%22&interval.endTime=2026-04-12T13%3A36%3A53.281Z&interval.startTime=2026-04-05T13%3A36%3A53.281Z
[debug] [2026-04-12T13:36:54.774Z] <<< [apiv2][status] GET https://monitoring.googleapis.com/v3/projects/projeto-pi-law-s/timeSeries/ 200
[debug] [2026-04-12T13:36:54.774Z] <<< [apiv2][body] GET https://monitoring.googleapis.com/v3/projects/projeto-pi-law-s/timeSeries/ {"unit":"1"}
[info] +  dataconnect: CloudSQL no cost trial available! 
[debug] [2026-04-12T13:36:54.775Z] Checked if tokens are valid: true, expires at: 1776004474570
[debug] [2026-04-12T13:36:54.775Z] Checked if tokens are valid: true, expires at: 1776004474570
[debug] [2026-04-12T13:36:54.776Z] >>> [apiv2][query] GET https://sqladmin.googleapis.com/v1/projects/projeto-pi-law-s/instances [none]
[debug] [2026-04-12T13:36:55.743Z] <<< [apiv2][status] GET https://sqladmin.googleapis.com/v1/projects/projeto-pi-law-s/instances 200
[debug] [2026-04-12T13:36:55.743Z] <<< [apiv2][body] GET https://sqladmin.googleapis.com/v1/projects/projeto-pi-law-s/instances {}
[debug] [2026-04-12T13:36:55.743Z] Checked if tokens are valid: true, expires at: 1776004474570
[debug] [2026-04-12T13:36:55.743Z] Checked if tokens are valid: true, expires at: 1776004474570
[debug] [2026-04-12T13:36:55.743Z] >>> [apiv2][query] GET https://firebasedataconnect.googleapis.com/v1/projects/projeto-pi-law-s/locations [none]
[debug] [2026-04-12T13:36:56.768Z] <<< [apiv2][status] GET https://firebasedataconnect.googleapis.com/v1/projects/projeto-pi-law-s/locations 200
[debug] [2026-04-12T13:36:56.768Z] <<< [apiv2][body] GET https://firebasedataconnect.googleapis.com/v1/projects/projeto-pi-law-s/locations {"locations":[{"name":"projects/projeto-pi-law-s/locations/asia-east1","locationId":"asia-east1","displayName":"Taiwan"},{"name":"projects/projeto-pi-law-s/locations/asia-east2","locationId":"asia-east2","displayName":"Hong Kong"},{"name":"projects/projeto-pi-law-s/locations/asia-northeast1","locationId":"asia-northeast1","displayName":"Tokyo"},{"name":"projects/projeto-pi-law-s/locations/asia-northeast2","locationId":"asia-northeast2","displayName":"Osaka"},{"name":"projects/projeto-pi-law-s/locations/asia-northeast3","locationId":"asia-northeast3","displayName":"Seoul"},{"name":"projects/projeto-pi-law-s/locations/asia-south1","locationId":"asia-south1","displayName":"Mumbai"},{"name":"projects/projeto-pi-law-s/locations/asia-southeast1","locationId":"asia-southeast1","displayName":"Singapore"},{"name":"projects/projeto-pi-law-s/locations/asia-southeast2","locationId":"asia-southeast2","displayName":"Jakarta"},{"name":"projects/projeto-pi-law-s/locations/australia-southeast1","locationId":"australia-southeast1","displayName":"Sydney"},{"name":"projects/projeto-pi-law-s/locations/australia-southeast2","locationId":"australia-southeast2","displayName":"Melbourne"},{"name":"projects/projeto-pi-law-s/locations/europe-central2","locationId":"europe-central2","displayName":"Warsaw"},{"name":"projects/projeto-pi-law-s/locations/europe-north1","locationId":"europe-north1","displayName":"Finland"},{"name":"projects/projeto-pi-law-s/locations/europe-southwest1","locationId":"europe-southwest1","displayName":"Madrid"},{"name":"projects/projeto-pi-law-s/locations/europe-west1","locationId":"europe-west1","displayName":"Belgium"},{"name":"projects/projeto-pi-law-s/locations/europe-west2","locationId":"europe-west2","displayName":"London"},{"name":"projects/projeto-pi-law-s/locations/europe-west3","locationId":"europe-west3","displayName":"Frankfurt"},{"name":"projects/projeto-pi-law-s/locations/europe-west4","locationId":"europe-west4","displayName":"Netherlands"},{"name":"projects/projeto-pi-law-s/locations/europe-west6","locationId":"europe-west6","displayName":"Zurich"},{"name":"projects/projeto-pi-law-s/locations/europe-west8","locationId":"europe-west8","displayName":"Milan"},{"name":"projects/projeto-pi-law-s/locations/europe-west9","locationId":"europe-west9","displayName":"Paris"},{"name":"projects/projeto-pi-law-s/locations/me-west1","locationId":"me-west1","displayName":"Tel Aviv"},{"name":"projects/projeto-pi-law-s/locations/northamerica-northeast1","locationId":"northamerica-northeast1","displayName":"Montréal"},{"name":"projects/projeto-pi-law-s/locations/northamerica-northeast2","locationId":"northamerica-northeast2","displayName":"Toronto"},{"name":"projects/projeto-pi-law-s/locations/southamerica-east1","locationId":"southamerica-east1","displayName":"São Paulo"},{"name":"projects/projeto-pi-law-s/locations/southamerica-west1","locationId":"southamerica-west1","displayName":"Santiago"},{"name":"projects/projeto-pi-law-s/locations/us-central1","locationId":"us-central1","displayName":"Iowa"},{"name":"projects/projeto-pi-law-s/locations/us-east1","locationId":"us-east1","displayName":"South Carolina"},{"name":"projects/projeto-pi-law-s/locations/us-east4","locationId":"us-east4","displayName":"Northern Virginia"},{"name":"projects/projeto-pi-law-s/locations/us-south1","locationId":"us-south1","displayName":"Dallas"},{"name":"projects/projeto-pi-law-s/locations/us-west1","locationId":"us-west1","displayName":"Oregon"},{"name":"projects/projeto-pi-law-s/locations/us-west2","locationId":"us-west2","displayName":"Los Angeles"},{"name":"projects/projeto-pi-law-s/locations/us-west3","locationId":"us-west3","displayName":"Salt Lake City"},{"name":"projects/projeto-pi-law-s/locations/us-west4","locationId":"us-west4","displayName":"Las Vegas"}]}
[warn] !  dataconnect: Cannot detect an existing app in the current directory. 
[debug] [2026-04-12T13:38:57.643Z] Checked if tokens are valid: true, expires at: 1776004474570
[debug] [2026-04-12T13:38:57.643Z] Checked if tokens are valid: true, expires at: 1776004474570
[debug] [2026-04-12T13:38:57.643Z] >>> [apiv2][query] POST https://firebasedataconnect.googleapis.com/v1/projects/projeto-pi-law-s/locations/southamerica-east1/services service_id=projetopi
[debug] [2026-04-12T13:38:57.643Z] >>> [apiv2][body] POST https://firebasedataconnect.googleapis.com/v1/projects/projeto-pi-law-s/locations/southamerica-east1/services {"name":"projects/projeto-pi-law-s/locations/southamerica-east1/services/projetopi"}
[debug] [2026-04-12T13:39:00.086Z] <<< [apiv2][status] POST https://firebasedataconnect.googleapis.com/v1/projects/projeto-pi-law-s/locations/southamerica-east1/services 200
[debug] [2026-04-12T13:39:00.086Z] <<< [apiv2][body] POST https://firebasedataconnect.googleapis.com/v1/projects/projeto-pi-law-s/locations/southamerica-east1/services {"name":"projects/projeto-pi-law-s/locations/southamerica-east1/operations/operation-1776001138225-64f437cf6f1c3-138d0b91-3ad2e9a1","metadata":{"@type":"type.googleapis.com/google.firebase.dataconnect.v1.OperationMetadata","createTime":"2026-04-12T13:39:00.305595600Z","target":"projects/projeto-pi-law-s/locations/southamerica-east1/services/projetopi","verb":"create","requestedCancellation":false,"apiVersion":"v1"},"done":false}
[debug] [2026-04-12T13:39:00.087Z] Checked if tokens are valid: true, expires at: 1776004474570
[debug] [2026-04-12T13:39:00.087Z] Checked if tokens are valid: true, expires at: 1776004474570
[debug] [2026-04-12T13:39:00.087Z] >>> [apiv2][query] GET https://firebasedataconnect.googleapis.com/v1/projects/projeto-pi-law-s/locations/southamerica-east1/operations/operation-1776001138225-64f437cf6f1c3-138d0b91-3ad2e9a1 [none]
[debug] [2026-04-12T13:39:00.220Z] <<< [apiv2][status] GET https://firebasedataconnect.googleapis.com/v1/projects/projeto-pi-law-s/locations/southamerica-east1/operations/operation-1776001138225-64f437cf6f1c3-138d0b91-3ad2e9a1 200
[debug] [2026-04-12T13:39:00.220Z] <<< [apiv2][body] GET https://firebasedataconnect.googleapis.com/v1/projects/projeto-pi-law-s/locations/southamerica-east1/operations/operation-1776001138225-64f437cf6f1c3-138d0b91-3ad2e9a1 {"name":"projects/projeto-pi-law-s/locations/southamerica-east1/operations/operation-1776001138225-64f437cf6f1c3-138d0b91-3ad2e9a1","metadata":{"@type":"type.googleapis.com/google.firebase.dataconnect.v1.OperationMetadata","createTime":"2026-04-12T13:39:00.305595600Z","target":"projects/projeto-pi-law-s/locations/southamerica-east1/services/projetopi","verb":"create","requestedCancellation":false,"apiVersion":"v1"},"done":false}
[debug] [2026-04-12T13:39:00.724Z] [LRO Poller] Retrying task index 0
[debug] [2026-04-12T13:39:00.724Z] Checked if tokens are valid: true, expires at: 1776004474570
[debug] [2026-04-12T13:39:00.724Z] Checked if tokens are valid: true, expires at: 1776004474570
[debug] [2026-04-12T13:39:00.724Z] >>> [apiv2][query] GET https://firebasedataconnect.googleapis.com/v1/projects/projeto-pi-law-s/locations/southamerica-east1/operations/operation-1776001138225-64f437cf6f1c3-138d0b91-3ad2e9a1 [none]
[debug] [2026-04-12T13:39:00.844Z] <<< [apiv2][status] GET https://firebasedataconnect.googleapis.com/v1/projects/projeto-pi-law-s/locations/southamerica-east1/operations/operation-1776001138225-64f437cf6f1c3-138d0b91-3ad2e9a1 200
[debug] [2026-04-12T13:39:00.844Z] <<< [apiv2][body] GET https://firebasedataconnect.googleapis.com/v1/projects/projeto-pi-law-s/locations/southamerica-east1/operations/operation-1776001138225-64f437cf6f1c3-138d0b91-3ad2e9a1 {"name":"projects/projeto-pi-law-s/locations/southamerica-east1/operations/operation-1776001138225-64f437cf6f1c3-138d0b91-3ad2e9a1","metadata":{"@type":"type.googleapis.com/google.firebase.dataconnect.v1.OperationMetadata","createTime":"2026-04-12T13:39:00.305595600Z","target":"projects/projeto-pi-law-s/locations/southamerica-east1/services/projetopi","verb":"create","requestedCancellation":false,"apiVersion":"v1"},"done":false}
[debug] [2026-04-12T13:39:01.855Z] [LRO Poller] Retrying task index 0
[debug] [2026-04-12T13:39:01.855Z] Checked if tokens are valid: true, expires at: 1776004474570
[debug] [2026-04-12T13:39:01.856Z] Checked if tokens are valid: true, expires at: 1776004474570
[debug] [2026-04-12T13:39:01.856Z] >>> [apiv2][query] GET https://firebasedataconnect.googleapis.com/v1/projects/projeto-pi-law-s/locations/southamerica-east1/operations/operation-1776001138225-64f437cf6f1c3-138d0b91-3ad2e9a1 [none]
[debug] [2026-04-12T13:39:01.895Z] <<< [apiv2][status] GET https://firebasedataconnect.googleapis.com/v1/projects/projeto-pi-law-s/locations/southamerica-east1/operations/operation-1776001138225-64f437cf6f1c3-138d0b91-3ad2e9a1 200
[debug] [2026-04-12T13:39:01.895Z] <<< [apiv2][body] GET https://firebasedataconnect.googleapis.com/v1/projects/projeto-pi-law-s/locations/southamerica-east1/operations/operation-1776001138225-64f437cf6f1c3-138d0b91-3ad2e9a1 {"name":"projects/projeto-pi-law-s/locations/southamerica-east1/operations/operation-1776001138225-64f437cf6f1c3-138d0b91-3ad2e9a1","metadata":{"@type":"type.googleapis.com/google.firebase.dataconnect.v1.OperationMetadata","createTime":"2026-04-12T13:39:00.305595600Z","endTime":"2026-04-12T13:39:01.561043566Z","target":"projects/projeto-pi-law-s/locations/southamerica-east1/services/projetopi","verb":"create","requestedCancellation":false,"apiVersion":"v1"},"done":true,"response":{"@type":"type.googleapis.com/google.firebase.dataconnect.v1.Service","name":"projects/projeto-pi-law-s/locations/southamerica-east1/services/projetopi","createTime":"2026-04-12T13:39:00.299081655Z","updateTime":"2026-04-12T13:39:00.299081655Z","uid":"b633649d-5ef5-4596-94d2-d29ab05e54af","reconciling":false,"etag":"IVef-ISoWjIfqOlvl8n0oFJHW1KJxsn5newlK9joIrE"}}
[debug] [2026-04-12T13:39:01.899Z] Checked if tokens are valid: true, expires at: 1776004474570
[debug] [2026-04-12T13:39:01.899Z] Checked if tokens are valid: true, expires at: 1776004474570
[debug] [2026-04-12T13:39:01.899Z] >>> [apiv2][query] POST https://cloudaicompanion.googleapis.com/v1beta/projects/projeto-pi-law-s/locations/global/instances/default:completeTask [none]
[debug] [2026-04-12T13:39:01.899Z] >>> [apiv2][body] POST https://cloudaicompanion.googleapis.com/v1beta/projects/projeto-pi-law-s/locations/global/instances/default:completeTask {"input":{"messages":[{"content":"not now","author":"USER"}]},"experienceContext":{"experience":"/appeco/firebase/fdc-schema-generator"}}
[debug] [2026-04-12T13:39:07.593Z] <<< [apiv2][status] POST https://cloudaicompanion.googleapis.com/v1beta/projects/projeto-pi-law-s/locations/global/instances/default:completeTask 200
[debug] [2026-04-12T13:39:07.593Z] <<< [apiv2][body] POST https://cloudaicompanion.googleapis.com/v1beta/projects/projeto-pi-law-s/locations/global/instances/default:completeTask {"output":{"messages":[{"content":"```graphql\ntype User @table {\n  displayName: String!\n  createdAt: Timestamp!\n  email: String\n  photoUrl: String\n}\n\ntype Task @table {\n  user: User!\n  title: String!\n  createdAt: Timestamp!\n  status: String!\n  description: String\n  deferUntilDate: Date\n}\n\ntype Tag @table {\n  user: User!\n  name: String!\n  createdAt: Timestamp!\n}\n\ntype TaskTag @table(key: [\"task\", \"tag\"]) {\n  task: Task!\n  tag: Tag!\n  createdAt: Timestamp!\n}\n```\n"}]},"displayContext":{"additionalContext":{"@type":"type.googleapis.com/google.cloud.cloudaicompanion.v1main.FirebaseChatDisplayContext","firebaseFdcDisplayContext":{"schemaSyntaxError":""}}}}
[debug] [2026-04-12T13:39:07.596Z] Checked if tokens are valid: true, expires at: 1776004474570
[debug] [2026-04-12T13:39:07.597Z] Checked if tokens are valid: true, expires at: 1776004474570
[debug] [2026-04-12T13:39:07.597Z] >>> [apiv2][query] PATCH https://firebasedataconnect.googleapis.com/v1/projects/projeto-pi-law-s/locations/southamerica-east1/services/projetopi/schemas/main allowMissing=true&validateOnly=false
[debug] [2026-04-12T13:39:07.597Z] >>> [apiv2][body] PATCH https://firebasedataconnect.googleapis.com/v1/projects/projeto-pi-law-s/locations/southamerica-east1/services/projetopi/schemas/main {"name":"projects/projeto-pi-law-s/locations/southamerica-east1/services/projetopi/schemas/main","datasources":[{"postgresql":{}}],"source":{"files":[{"path":"schema.gql","content":"type User @table {\n  displayName: String!\n  createdAt: Timestamp!\n  email: String\n  photoUrl: String\n}\n\ntype Task @table {\n  user: User!\n  title: String!\n  createdAt: Timestamp!\n  status: String!\n  description: String\n  deferUntilDate: Date\n}\n\ntype Tag @table {\n  user: User!\n  name: String!\n  createdAt: Timestamp!\n}\n\ntype TaskTag @table(key: [\"task\", \"tag\"]) {\n  task: Task!\n  tag: Tag!\n  createdAt: Timestamp!\n}"}]}}
[debug] [2026-04-12T13:39:07.911Z] <<< [apiv2][status] PATCH https://firebasedataconnect.googleapis.com/v1/projects/projeto-pi-law-s/locations/southamerica-east1/services/projetopi/schemas/main 200
[debug] [2026-04-12T13:39:07.911Z] <<< [apiv2][body] PATCH https://firebasedataconnect.googleapis.com/v1/projects/projeto-pi-law-s/locations/southamerica-east1/services/projetopi/schemas/main {"name":"projects/projeto-pi-law-s/locations/southamerica-east1/operations/operation-1776001148104-64f437d8db016-7dda19da-2dccca4a","metadata":{"@type":"type.googleapis.com/google.firebase.dataconnect.v1.OperationMetadata","createTime":"2026-04-12T13:39:08.140251640Z","target":"projects/projeto-pi-law-s/locations/southamerica-east1/services/projetopi/schemas/main","verb":"update","requestedCancellation":false,"apiVersion":"v1"},"done":false}
[debug] [2026-04-12T13:39:07.911Z] Checked if tokens are valid: true, expires at: 1776004474570
[debug] [2026-04-12T13:39:07.911Z] Checked if tokens are valid: true, expires at: 1776004474570
[debug] [2026-04-12T13:39:07.911Z] >>> [apiv2][query] GET https://firebasedataconnect.googleapis.com/v1/projects/projeto-pi-law-s/locations/southamerica-east1/operations/operation-1776001148104-64f437d8db016-7dda19da-2dccca4a [none]
[debug] [2026-04-12T13:39:08.004Z] <<< [apiv2][status] GET https://firebasedataconnect.googleapis.com/v1/projects/projeto-pi-law-s/locations/southamerica-east1/operations/operation-1776001148104-64f437d8db016-7dda19da-2dccca4a 200
[debug] [2026-04-12T13:39:08.004Z] <<< [apiv2][body] GET https://firebasedataconnect.googleapis.com/v1/projects/projeto-pi-law-s/locations/southamerica-east1/operations/operation-1776001148104-64f437d8db016-7dda19da-2dccca4a {"name":"projects/projeto-pi-law-s/locations/southamerica-east1/operations/operation-1776001148104-64f437d8db016-7dda19da-2dccca4a","metadata":{"@type":"type.googleapis.com/google.firebase.dataconnect.v1.OperationMetadata","createTime":"2026-04-12T13:39:08.140251640Z","target":"projects/projeto-pi-law-s/locations/southamerica-east1/services/projetopi/schemas/main","verb":"update","requestedCancellation":false,"apiVersion":"v1"},"done":false}
[debug] [2026-04-12T13:39:08.509Z] [LRO Poller] Retrying task index 0
[debug] [2026-04-12T13:39:08.510Z] Checked if tokens are valid: true, expires at: 1776004474570
[debug] [2026-04-12T13:39:08.510Z] Checked if tokens are valid: true, expires at: 1776004474570
[debug] [2026-04-12T13:39:08.510Z] >>> [apiv2][query] GET https://firebasedataconnect.googleapis.com/v1/projects/projeto-pi-law-s/locations/southamerica-east1/operations/operation-1776001148104-64f437d8db016-7dda19da-2dccca4a [none]
[debug] [2026-04-12T13:39:08.550Z] <<< [apiv2][status] GET https://firebasedataconnect.googleapis.com/v1/projects/projeto-pi-law-s/locations/southamerica-east1/operations/operation-1776001148104-64f437d8db016-7dda19da-2dccca4a 200
[debug] [2026-04-12T13:39:08.550Z] <<< [apiv2][body] GET https://firebasedataconnect.googleapis.com/v1/projects/projeto-pi-law-s/locations/southamerica-east1/operations/operation-1776001148104-64f437d8db016-7dda19da-2dccca4a {"name":"projects/projeto-pi-law-s/locations/southamerica-east1/operations/operation-1776001148104-64f437d8db016-7dda19da-2dccca4a","metadata":{"@type":"type.googleapis.com/google.firebase.dataconnect.v1.OperationMetadata","createTime":"2026-04-12T13:39:08.140251640Z","endTime":"2026-04-12T13:39:08.371168212Z","target":"projects/projeto-pi-law-s/locations/southamerica-east1/services/projetopi/schemas/main","verb":"update","requestedCancellation":false,"apiVersion":"v1"},"done":true,"response":{"@type":"type.googleapis.com/google.firebase.dataconnect.v1.Schema","name":"projects/projeto-pi-law-s/locations/southamerica-east1/services/projetopi/schemas/main","createTime":"2026-04-12T13:39:08.131676916Z","updateTime":"2026-04-12T13:39:08.131676916Z","source":{"files":[{"path":"schema.gql","content":"type User @table {\n  displayName: String!\n  createdAt: Timestamp!\n  email: String\n  photoUrl: String\n}\n\ntype Task @table {\n  user: User!\n  title: String!\n  createdAt: Timestamp!\n  status: String!\n  description: String\n  deferUntilDate: Date\n}\n\ntype Tag @table {\n  user: User!\n  name: String!\n  createdAt: Timestamp!\n}\n\ntype TaskTag @table(key: [\"task\", \"tag\"]) {\n  task: Task!\n  tag: Tag!\n  createdAt: Timestamp!\n}"}]},"uid":"456dd242-bee5-4fdf-86e2-e319bdb6d291","reconciling":false,"datasources":[{"postgresql":{"ephemeral":true}}],"etag":"NLJiTyCg9MQkJSoLIfnZnRXwgLeTEwv6aCf4vj_C1NQ"}}
[debug] [2026-04-12T13:39:08.551Z] Checked if tokens are valid: true, expires at: 1776004474570
[debug] [2026-04-12T13:39:08.551Z] Checked if tokens are valid: true, expires at: 1776004474570
[debug] [2026-04-12T13:39:08.551Z] Checked if tokens are valid: true, expires at: 1776004474570
[debug] [2026-04-12T13:39:08.551Z] Checked if tokens are valid: true, expires at: 1776004474570
[debug] [2026-04-12T13:39:08.551Z] >>> [apiv2][query] POST https://cloudaicompanion.googleapis.com/v1beta/projects/projeto-pi-law-s/locations/global/instances/default:completeTask [none]
[debug] [2026-04-12T13:39:08.552Z] >>> [apiv2][body] POST https://cloudaicompanion.googleapis.com/v1beta/projects/projeto-pi-law-s/locations/global/instances/default:completeTask {"input":{"messages":[{"content":"Create 4 operations for an app using the instance schema with proper authentication.","author":"USER"}]},"experienceContext":{"experience":"/appeco/firebase/fdc-query-generator"},"clientContext":{"additionalContext":{"@type":"type.googleapis.com/google.cloud.cloudaicompanion.v1main.FirebaseChatRequestContext","fdcInfo":{"fdcServiceName":"projects/projeto-pi-law-s/locations/southamerica-east1/services/projetopi","requiresQuery":true}}}}
[debug] [2026-04-12T13:39:08.553Z] >>> [apiv2][query] POST https://cloudaicompanion.googleapis.com/v1beta/projects/projeto-pi-law-s/locations/global/instances/default:completeTask [none]
[debug] [2026-04-12T13:39:08.553Z] >>> [apiv2][body] POST https://cloudaicompanion.googleapis.com/v1beta/projects/projeto-pi-law-s/locations/global/instances/default:completeTask {"input":{"messages":[{"content":"Create a mutation to populate the database with some seed data.","author":"USER"}]},"experienceContext":{"experience":"/appeco/firebase/fdc-query-generator"},"clientContext":{"additionalContext":{"@type":"type.googleapis.com/google.cloud.cloudaicompanion.v1main.FirebaseChatRequestContext","fdcInfo":{"fdcServiceName":"projects/projeto-pi-law-s/locations/southamerica-east1/services/projetopi","requiresQuery":true}}}}
[debug] [2026-04-12T13:39:12.949Z] <<< [apiv2][status] POST https://cloudaicompanion.googleapis.com/v1beta/projects/projeto-pi-law-s/locations/global/instances/default:completeTask 200
[debug] [2026-04-12T13:39:12.949Z] <<< [apiv2][body] POST https://cloudaicompanion.googleapis.com/v1beta/projects/projeto-pi-law-s/locations/global/instances/default:completeTask {"output":{"messages":[{"content":"```graphql\nquery AllTasksForUser @auth(level: USER, insecureReason: \"This operation is safe to expose to all logged in users.\") {\n  tasks(where: { userId: { eq_expr: \"auth.uid\" } }) {\n    id\n    title\n    description\n    status\n    createdAt\n    deferUntilDate\n    user {\n      displayName\n      email\n    }\n    tags_via_TaskTag {\n      id\n      name\n    }\n  }\n}\n\nmutation CreateTask($title: String!, $description: String, $status: String!, $deferUntilDate: Date) @auth(level: USER, insecureReason: \"This operation is safe to expose to all logged in users.\") {\n  task_insert(\n    data: {\n      userId_expr: \"auth.uid\"\n      title: $title\n      description: $description\n      status: $status\n      deferUntilDate: $deferUntilDate\n      createdAt_expr: \"request.time\"\n    }\n  ) {\n    id\n  }\n}\n\nmutation UpdateTaskStatus($taskId: UUID!, $status: String!) @auth(level: USER, insecureReason: \"This operation is safe to expose to all logged in users.\") {\n  task_update(\n    key: { id: $taskId }\n    data: { status: $status }\n    where: { userId: { eq_expr: \"auth.uid\" } }\n  ) {\n    id\n  }\n}\n\nquery GetTaskDetails($taskId: UUID!) @auth(level: USER, insecureReason: \"This operation is safe to expose to all logged in users.\") {\n  task(id: $taskId, where: { userId: { eq_expr: \"auth.uid\" } }) {\n    id\n    title\n    description\n    status\n    createdAt\n    deferUntilDate\n    user {\n      displayName\n      email\n    }\n    tags_via_TaskTag {\n      id\n      name\n    }\n  }\n}\n```","author":"model"}]},"outputDataContext":{"additionalContext":{"@type":"type.googleapis.com/google.cloud.cloudaicompanion.v1main.ChatOutputDataContext","relatedContent":{}}},"attributionContext":{"citationMetadata":{}}}
[debug] [2026-04-12T13:39:16.718Z] <<< [apiv2][status] POST https://cloudaicompanion.googleapis.com/v1beta/projects/projeto-pi-law-s/locations/global/instances/default:completeTask 200
[debug] [2026-04-12T13:39:16.719Z] <<< [apiv2][body] POST https://cloudaicompanion.googleapis.com/v1beta/projects/projeto-pi-law-s/locations/global/instances/default:completeTask {"output":{"messages":[{"content":"To populate your database with seed data, I'll create a mutation that inserts some example `User` data and then some `Task` data associated with those users, along with `Tag` data and `TaskTag` associations. This will give you a good starting point for testing your application.\n\n```graphql\nmutation SeedData @transaction @auth(level: USER, insecureReason: \"This is seed data for testing purposes and does not expose sensitive information.\") {\n  user_insertMany(data: [\n    {\n      id: \"b4d7f0c1-2a6d-4e9f-8b1a-2e3c5d7f0a1b\",\n      displayName: \"Alice Smith\",\n      email: \"alice@example.com\",\n      createdAt: \"2023-10-27T10:00:00Z\"\n    },\n    {\n      id: \"a1b2c3d4-e5f6-7890-1234-567890abcdef\",\n      displayName: \"Bob Johnson\",\n      email: \"bob@example.com\",\n      createdAt: \"2023-10-27T10:05:00Z\"\n    }\n  ])\n  task_insertMany(data: [\n    {\n      id: \"c7f0d1b2-a6d2-f9e4-b1a8-e3c5d7f0a1b2\",\n      userId: \"b4d7f0c1-2a6d-4e9f-8b1a-2e3c5d7f0a1b\",\n      title: \"Grocery Shopping\",\n      description: \"Buy milk, eggs, bread, and vegetables.\",\n      status: \"pending\",\n      createdAt: \"2023-10-27T10:10:00Z\"\n    },\n    {\n      id: \"d8e1f2c3-b7a6-e9f0-c2b3-f4d5a6b7c8d9\",\n      userId: \"a1b2c3d4-e5f6-7890-1234-567890abcdef\",\n      title: \"Finish Report\",\n      description: \"Complete the quarterly sales report for Q3.\",\n      status: \"in-progress\",\n      createdAt: \"2023-10-27T10:15:00Z\",\n      deferUntilDate: \"2023-10-30\"\n    }\n  ])\n  tag_insertMany(data: [\n    {\n      id: \"e9f0d1b2-a6d2-f9e4-b1a8-e3c5d7f0a1b2\",\n      userId: \"b4d7f0c1-2a6d-4e9f-8b1a-2e3c5d7f0a1b\",\n      name: \"Personal\",\n      createdAt: \"2023-10-27T10:20:00Z\"\n    },\n    {\n      id: \"f0c1d2e3-b4a5-c6d7-e8f9-a0b1c2d3e4f5\",\n      userId: \"a1b2c3d4-e5f6-7890-1234-567890abcdef\",\n      name: \"Work\",\n      createdAt: \"2023-10-27T10:25:00Z\"\n    }\n  ])\n  taskTag_insertMany(data: [\n    {\n      taskId: \"c7f0d1b2-a6d2-f9e4-b1a8-e3c5d7f0a1b2\",\n      tagId: \"e9f0d1b2-a6d2-f9e4-b1a8-e3c5d7f0a1b2\",\n      createdAt: \"2023-10-27T10:30:00Z\"\n    },\n    {\n      taskId: \"d8e1f2c3-b7a6-e9f0-c2b3-f4d5a6b7c8d9\",\n      tagId: \"f0c1d2e3-b4a5-c6d7-e8f9-a0b1c2d3e4f5\",\n      createdAt: \"2023-10-27T10:35:00Z\"\n    }\n  ])\n}\n```","author":"model"}]},"outputDataContext":{"additionalContext":{"@type":"type.googleapis.com/google.cloud.cloudaicompanion.v1main.ChatOutputDataContext","relatedContent":{}}},"attributionContext":{"citationMetadata":{}}}
[info] +  Wrote dataconnect\dataconnect.yaml 
[info] +  Wrote dataconnect\seed_data.gql 
[info] +  Wrote dataconnect\schema\schema.gql 
[info] +  Wrote dataconnect\example\connector.yaml 
[info] +  Wrote dataconnect\example\queries.gql 
[info] i  dataconnect: No apps to setup Data Connect Generated SDKs 
[info] 
=== Firestore Setup
[info] i  firestore: ensuring required API firestore.googleapis.com is enabled... 
[debug] [2026-04-12T13:39:16.745Z] Checked if tokens are valid: true, expires at: 1776004474570
[debug] [2026-04-12T13:39:16.745Z] Checked if tokens are valid: true, expires at: 1776004474570
[debug] [2026-04-12T13:39:16.745Z] >>> [apiv2][query] GET https://serviceusage.googleapis.com/v1/projects/projeto-pi-law-s/services/firestore.googleapis.com [none]
[debug] [2026-04-12T13:39:16.745Z] >>> [apiv2][(partial)header] GET https://serviceusage.googleapis.com/v1/projects/projeto-pi-law-s/services/firestore.googleapis.com  x-goog-user-project=projeto-pi-law-s
[debug] [2026-04-12T13:39:17.768Z] <<< [apiv2][status] GET https://serviceusage.googleapis.com/v1/projects/projeto-pi-law-s/services/firestore.googleapis.com 200
[debug] [2026-04-12T13:39:17.768Z] <<< [apiv2][body] GET https://serviceusage.googleapis.com/v1/projects/projeto-pi-law-s/services/firestore.googleapis.com [omitted]
[warn] !  firestore: missing required API firestore.googleapis.com. Enabling now... 
[debug] [2026-04-12T13:39:17.770Z] Checked if tokens are valid: true, expires at: 1776004474570
[debug] [2026-04-12T13:39:17.770Z] Checked if tokens are valid: true, expires at: 1776004474570
[debug] [2026-04-12T13:39:17.770Z] >>> [apiv2][query] POST https://serviceusage.googleapis.com/v1/projects/projeto-pi-law-s/services/firestore.googleapis.com:enable [none]
[debug] [2026-04-12T13:39:17.770Z] >>> [apiv2][(partial)header] POST https://serviceusage.googleapis.com/v1/projects/projeto-pi-law-s/services/firestore.googleapis.com:enable  x-goog-user-project=projeto-pi-law-s
[debug] [2026-04-12T13:39:18.616Z] <<< [apiv2][status] POST https://serviceusage.googleapis.com/v1/projects/projeto-pi-law-s/services/firestore.googleapis.com:enable 200
[debug] [2026-04-12T13:39:18.616Z] <<< [apiv2][body] POST https://serviceusage.googleapis.com/v1/projects/projeto-pi-law-s/services/firestore.googleapis.com:enable [omitted]
[debug] [2026-04-12T13:39:28.626Z] Checked if tokens are valid: true, expires at: 1776004474570
[debug] [2026-04-12T13:39:28.627Z] Checked if tokens are valid: true, expires at: 1776004474570
[debug] [2026-04-12T13:39:28.627Z] >>> [apiv2][query] GET https://firestore.googleapis.com/v1/projects/projeto-pi-law-s/databases [none]
[debug] [2026-04-12T13:39:29.250Z] <<< [apiv2][status] GET https://firestore.googleapis.com/v1/projects/projeto-pi-law-s/databases 200
[debug] [2026-04-12T13:39:29.250Z] <<< [apiv2][body] GET https://firestore.googleapis.com/v1/projects/projeto-pi-law-s/databases {}
[debug] [2026-04-12T13:39:29.251Z] Checked if tokens are valid: true, expires at: 1776004474570
[debug] [2026-04-12T13:39:29.251Z] Checked if tokens are valid: true, expires at: 1776004474570
[debug] [2026-04-12T13:39:29.251Z] >>> [apiv2][query] GET https://firestore.googleapis.com/v1/projects/projeto-pi-law-s/locations [none]
[debug] [2026-04-12T13:39:29.521Z] <<< [apiv2][status] GET https://firestore.googleapis.com/v1/projects/projeto-pi-law-s/locations 200
[debug] [2026-04-12T13:39:29.521Z] <<< [apiv2][body] GET https://firestore.googleapis.com/v1/projects/projeto-pi-law-s/locations {"locations":[{"name":"projects/projeto-pi-law-s/locations/eur3","labels":{"appengine.googleapis.com/geo":"europe-west","cloud.googleapis.com/location":"eur3","cloud.googleapis.com/geo":"eur3"},"metadata":{"@type":"type.googleapis.com/google.firestore.admin.v1.LocationMetadata"},"locationId":"eur3","displayName":"Europe"},{"name":"projects/projeto-pi-law-s/locations/nam5","labels":{"appengine.googleapis.com/geo":"us-central","cloud.googleapis.com/location":"nam5","cloud.googleapis.com/geo":"nam5"},"metadata":{"@type":"type.googleapis.com/google.firestore.admin.v1.LocationMetadata"},"locationId":"nam5","displayName":"United States"},{"name":"projects/projeto-pi-law-s/locations/nam7","labels":{"cloud.googleapis.com/location":"nam7","cloud.googleapis.com/geo":"nam7"},"metadata":{"@type":"type.googleapis.com/google.firestore.admin.v1.LocationMetadata"},"locationId":"nam7","displayName":"United States"},{"name":"projects/projeto-pi-law-s/locations/africa-south1","labels":{"cloud.googleapis.com/location":"africa-south1","cloud.googleapis.com/region":"africa-south1"},"metadata":{"@type":"type.googleapis.com/google.firestore.admin.v1.LocationMetadata"},"locationId":"africa-south1","displayName":"Johannesburg"},{"name":"projects/projeto-pi-law-s/locations/asia-east1","labels":{"appengine.googleapis.com/region":"asia-east1","cloud.googleapis.com/location":"asia-east1","cloud.googleapis.com/region":"asia-east1"},"metadata":{"@type":"type.googleapis.com/google.firestore.admin.v1.LocationMetadata"},"locationId":"asia-east1","displayName":"Taiwan"},{"name":"projects/projeto-pi-law-s/locations/asia-east2","labels":{"appengine.googleapis.com/region":"asia-east2","cloud.googleapis.com/location":"asia-east2","cloud.googleapis.com/region":"asia-east2"},"metadata":{"@type":"type.googleapis.com/google.firestore.admin.v1.LocationMetadata"},"locationId":"asia-east2","displayName":"Hong Kong"},{"name":"projects/projeto-pi-law-s/locations/asia-northeast1","labels":{"appengine.googleapis.com/region":"asia-northeast1","cloud.googleapis.com/location":"asia-northeast1","cloud.googleapis.com/region":"asia-northeast1"},"metadata":{"@type":"type.googleapis.com/google.firestore.admin.v1.LocationMetadata"},"locationId":"asia-northeast1","displayName":"Tokyo"},{"name":"projects/projeto-pi-law-s/locations/asia-northeast2","labels":{"appengine.googleapis.com/region":"asia-northeast2","cloud.googleapis.com/location":"asia-northeast2","cloud.googleapis.com/region":"asia-northeast2"},"metadata":{"@type":"type.googleapis.com/google.firestore.admin.v1.LocationMetadata"},"locationId":"asia-northeast2","displayName":"Osaka"},{"name":"projects/projeto-pi-law-s/locations/asia-northeast3","labels":{"appengine.googleapis.com/region":"asia-northeast3","cloud.googleapis.com/location":"asia-northeast3","cloud.googleapis.com/region":"asia-northeast3"},"metadata":{"@type":"type.googleapis.com/google.firestore.admin.v1.LocationMetadata"},"locationId":"asia-northeast3","displayName":"Seoul"},{"name":"projects/projeto-pi-law-s/locations/asia-south1","labels":{"appengine.googleapis.com/region":"asia-south1","cloud.googleapis.com/location":"asia-south1","cloud.googleapis.com/region":"asia-south1"},"metadata":{"@type":"type.googleapis.com/google.firestore.admin.v1.LocationMetadata"},"locationId":"asia-south1","displayName":"Mumbai"},{"name":"projects/projeto-pi-law-s/locations/asia-south2","labels":{"cloud.googleapis.com/location":"asia-south2","cloud.googleapis.com/region":"asia-south2"},"metadata":{"@type":"type.googleapis.com/google.firestore.admin.v1.LocationMetadata"},"locationId":"asia-south2","displayName":"Delhi"},{"name":"projects/projeto-pi-law-s/locations/asia-southeast1","labels":{"appengine.googleapis.com/region":"asia-southeast1","cloud.googleapis.com/location":"asia-southeast1","cloud.googleapis.com/region":"asia-southeast1"},"metadata":{"@type":"type.googleapis.com/google.firestore.admin.v1.LocationMetadata"},"locationId":"asia-southeast1","displayName":"Singapore"},{"name":"projects/projeto-pi-law-s/locations/asia-southeast2","labels":{"appengine.googleapis.com/region":"asia-southeast2","cloud.googleapis.com/location":"asia-southeast2","cloud.googleapis.com/region":"asia-southeast2"},"metadata":{"@type":"type.googleapis.com/google.firestore.admin.v1.LocationMetadata"},"locationId":"asia-southeast2","displayName":"Jakarta"},{"name":"projects/projeto-pi-law-s/locations/asia-southeast3","labels":{"cloud.googleapis.com/location":"asia-southeast3","cloud.googleapis.com/region":"asia-southeast3"},"metadata":{"@type":"type.googleapis.com/google.firestore.admin.v1.LocationMetadata"},"locationId":"asia-southeast3","displayName":"Bangkok"},{"name":"projects/projeto-pi-law-s/locations/australia-southeast1","labels":{"appengine.googleapis.com/region":"australia-southeast1","cloud.googleapis.com/location":"australia-southeast1","cloud.googleapis.com/region":"australia-southeast1"},"metadata":{"@type":"type.googleapis.com/google.firestore.admin.v1.LocationMetadata"},"locationId":"australia-southeast1","displayName":"Sydney"},{"name":"projects/projeto-pi-law-s/locations/australia-southeast2","labels":{"cloud.googleapis.com/location":"australia-southeast2","cloud.googleapis.com/region":"australia-southeast2"},"metadata":{"@type":"type.googleapis.com/google.firestore.admin.v1.LocationMetadata"},"locationId":"australia-southeast2","displayName":"Melbourne"},{"name":"projects/projeto-pi-law-s/locations/europe-central2","labels":{"appengine.googleapis.com/region":"europe-central2","cloud.googleapis.com/location":"europe-central2","cloud.googleapis.com/region":"europe-central2"},"metadata":{"@type":"type.googleapis.com/google.firestore.admin.v1.LocationMetadata"},"locationId":"europe-central2","displayName":"Warsaw"},{"name":"projects/projeto-pi-law-s/locations/europe-north1","labels":{"cloud.googleapis.com/location":"europe-north1","cloud.googleapis.com/region":"europe-north1"},"metadata":{"@type":"type.googleapis.com/google.firestore.admin.v1.LocationMetadata"},"locationId":"europe-north1","displayName":"Finland"},{"name":"projects/projeto-pi-law-s/locations/europe-north2","labels":{"cloud.googleapis.com/location":"europe-north2","cloud.googleapis.com/region":"europe-north2"},"metadata":{"@type":"type.googleapis.com/google.firestore.admin.v1.LocationMetadata"},"locationId":"europe-north2","displayName":"Stockholm"},{"name":"projects/projeto-pi-law-s/locations/europe-southwest1","labels":{"cloud.googleapis.com/location":"europe-southwest1","cloud.googleapis.com/region":"europe-southwest1"},"metadata":{"@type":"type.googleapis.com/google.firestore.admin.v1.LocationMetadata"},"locationId":"europe-southwest1","displayName":"Madrid"},{"name":"projects/projeto-pi-law-s/locations/europe-west1","labels":{"cloud.googleapis.com/location":"europe-west1","cloud.googleapis.com/region":"europe-west1"},"metadata":{"@type":"type.googleapis.com/google.firestore.admin.v1.LocationMetadata"},"locationId":"europe-west1","displayName":"Belgium"},{"name":"projects/projeto-pi-law-s/locations/europe-west10","labels":{"cloud.googleapis.com/location":"europe-west10","cloud.googleapis.com/region":"europe-west10"},"metadata":{"@type":"type.googleapis.com/google.firestore.admin.v1.LocationMetadata"},"locationId":"europe-west10","displayName":"Berlin"},{"name":"projects/projeto-pi-law-s/locations/europe-west12","labels":{"cloud.googleapis.com/location":"europe-west12","cloud.googleapis.com/region":"europe-west12"},"metadata":{"@type":"type.googleapis.com/google.firestore.admin.v1.LocationMetadata"},"locationId":"europe-west12","displayName":"Turin"},{"name":"projects/projeto-pi-law-s/locations/europe-west2","labels":{"appengine.googleapis.com/region":"europe-west2","cloud.googleapis.com/location":"europe-west2","cloud.googleapis.com/region":"europe-west2"},"metadata":{"@type":"type.googleapis.com/google.firestore.admin.v1.LocationMetadata"},"locationId":"europe-west2","displayName":"London"},{"name":"projects/projeto-pi-law-s/locations/europe-west3","labels":{"appengine.googleapis.com/region":"europe-west3","cloud.googleapis.com/location":"europe-west3","cloud.googleapis.com/region":"europe-west3"},"metadata":{"@type":"type.googleapis.com/google.firestore.admin.v1.LocationMetadata"},"locationId":"europe-west3","displayName":"Frankfurt"},{"name":"projects/projeto-pi-law-s/locations/europe-west4","labels":{"cloud.googleapis.com/location":"europe-west4","cloud.googleapis.com/region":"europe-west4"},"metadata":{"@type":"type.googleapis.com/google.firestore.admin.v1.LocationMetadata"},"locationId":"europe-west4","displayName":"Netherlands"},{"name":"projects/projeto-pi-law-s/locations/europe-west6","labels":{"appengine.googleapis.com/region":"europe-west6","cloud.googleapis.com/location":"europe-west6","cloud.googleapis.com/region":"europe-west6"},"metadata":{"@type":"type.googleapis.com/google.firestore.admin.v1.LocationMetadata"},"locationId":"europe-west6","displayName":"Zurich"},{"name":"projects/projeto-pi-law-s/locations/europe-west8","labels":{"cloud.googleapis.com/location":"europe-west8","cloud.googleapis.com/region":"europe-west8"},"metadata":{"@type":"type.googleapis.com/google.firestore.admin.v1.LocationMetadata"},"locationId":"europe-west8","displayName":"Milan"},{"name":"projects/projeto-pi-law-s/locations/europe-west9","labels":{"cloud.googleapis.com/location":"europe-west9","cloud.googleapis.com/region":"europe-west9"},"metadata":{"@type":"type.googleapis.com/google.firestore.admin.v1.LocationMetadata"},"locationId":"europe-west9","displayName":"Paris"},{"name":"projects/projeto-pi-law-s/locations/me-central1","labels":{"cloud.googleapis.com/location":"me-central1","cloud.googleapis.com/region":"me-central1"},"metadata":{"@type":"type.googleapis.com/google.firestore.admin.v1.LocationMetadata"},"locationId":"me-central1","displayName":"Doha"},{"name":"projects/projeto-pi-law-s/locations/me-central2","labels":{"cloud.googleapis.com/location":"me-central2","cloud.googleapis.com/region":"me-central2"},"metadata":{"@type":"type.googleapis.com/google.firestore.admin.v1.LocationMetadata"},"locationId":"me-central2","displayName":"Dammam"},{"name":"projects/projeto-pi-law-s/locations/me-west1","labels":{"cloud.googleapis.com/location":"me-west1","cloud.googleapis.com/region":"me-west1"},"metadata":{"@type":"type.googleapis.com/google.firestore.admin.v1.LocationMetadata"},"locationId":"me-west1","displayName":"Tel Aviv"},{"name":"projects/projeto-pi-law-s/locations/northamerica-northeast1","labels":{"appengine.googleapis.com/region":"northamerica-northeast1","cloud.googleapis.com/location":"northamerica-northeast1","cloud.googleapis.com/region":"northamerica-northeast1"},"metadata":{"@type":"type.googleapis.com/google.firestore.admin.v1.LocationMetadata"},"locationId":"northamerica-northeast1","displayName":"Montréal"},{"name":"projects/projeto-pi-law-s/locations/northamerica-northeast2","labels":{"cloud.googleapis.com/location":"northamerica-northeast2","cloud.googleapis.com/region":"northamerica-northeast2"},"metadata":{"@type":"type.googleapis.com/google.firestore.admin.v1.LocationMetadata"},"locationId":"northamerica-northeast2","displayName":"Toronto"},{"name":"projects/projeto-pi-law-s/locations/northamerica-south1","labels":{"cloud.googleapis.com/location":"northamerica-south1","cloud.googleapis.com/region":"northamerica-south1"},"metadata":{"@type":"type.googleapis.com/google.firestore.admin.v1.LocationMetadata"},"locationId":"northamerica-south1","displayName":"Mexico"},{"name":"projects/projeto-pi-law-s/locations/southamerica-east1","labels":{"appengine.googleapis.com/region":"southamerica-east1","cloud.googleapis.com/location":"southamerica-east1","cloud.googleapis.com/region":"southamerica-east1"},"metadata":{"@type":"type.googleapis.com/google.firestore.admin.v1.LocationMetadata"},"locationId":"southamerica-east1","displayName":"São Paulo"},{"name":"projects/projeto-pi-law-s/locations/southamerica-west1","labels":{"cloud.googleapis.com/location":"southamerica-west1","cloud.googleapis.com/region":"southamerica-west1"},"metadata":{"@type":"type.googleapis.com/google.firestore.admin.v1.LocationMetadata"},"locationId":"southamerica-west1","displayName":"Santiago"},{"name":"projects/projeto-pi-law-s/locations/us-central1","labels":{"cloud.googleapis.com/location":"us-central1","cloud.googleapis.com/region":"us-central1"},"metadata":{"@type":"type.googleapis.com/google.firestore.admin.v1.LocationMetadata"},"locationId":"us-central1","displayName":"Iowa"},{"name":"projects/projeto-pi-law-s/locations/us-east1","labels":{"appengine.googleapis.com/region":"us-east1","cloud.googleapis.com/location":"us-east1","cloud.googleapis.com/region":"us-east1"},"metadata":{"@type":"type.googleapis.com/google.firestore.admin.v1.LocationMetadata"},"locationId":"us-east1","displayName":"South Carolina"},{"name":"projects/projeto-pi-law-s/locations/us-east4","labels":{"appengine.googleapis.com/region":"us-east4","cloud.googleapis.com/location":"us-east4","cloud.googleapis.com/region":"us-east4"},"metadata":{"@type":"type.googleapis.com/google.firestore.admin.v1.LocationMetadata"},"locationId":"us-east4","displayName":"Northern Virginia"},{"name":"projects/projeto-pi-law-s/locations/us-east5","labels":{"cloud.googleapis.com/location":"us-east5","cloud.googleapis.com/region":"us-east5"},"metadata":{"@type":"type.googleapis.com/google.firestore.admin.v1.LocationMetadata"},"locationId":"us-east5","displayName":"Columbus"},{"name":"projects/projeto-pi-law-s/locations/us-south1","labels":{"cloud.googleapis.com/location":"us-south1","cloud.googleapis.com/region":"us-south1"},"metadata":{"@type":"type.googleapis.com/google.firestore.admin.v1.LocationMetadata"},"locationId":"us-south1","displayName":"Dallas"},{"name":"projects/projeto-pi-law-s/locations/us-west1","labels":{"appengine.googleapis.com/region":"us-west1","cloud.googleapis.com/location":"us-west1","cloud.googleapis.com/region":"us-west1"},"metadata":{"@type":"type.googleapis.com/google.firestore.admin.v1.LocationMetadata"},"locationId":"us-west1","displayName":"Oregon"},{"name":"projects/projeto-pi-law-s/locations/us-west2","labels":{"appengine.googleapis.com/region":"us-west2","cloud.googleapis.com/location":"us-west2","cloud.googleapis.com/region":"us-west2"},"metadata":{"@type":"type.googleapis.com/google.firestore.admin.v1.LocationMetadata"},"locationId":"us-west2","displayName":"Los Angeles"},{"name":"projects/projeto-pi-law-s/locations/us-west3","labels":{"appengine.googleapis.com/region":"us-west3","cloud.googleapis.com/location":"us-west3","cloud.googleapis.com/region":"us-west3"},"metadata":{"@type":"type.googleapis.com/google.firestore.admin.v1.LocationMetadata"},"locationId":"us-west3","displayName":"Salt Lake City"},{"name":"projects/projeto-pi-law-s/locations/us-west4","labels":{"appengine.googleapis.com/region":"us-west4","cloud.googleapis.com/location":"us-west4","cloud.googleapis.com/region":"us-west4"},"metadata":{"@type":"type.googleapis.com/google.firestore.admin.v1.LocationMetadata"},"locationId":"us-west4","displayName":"Las Vegas"}]}
[info] 
[info] Firestore Security Rules allow you to define how and when to allow
[info] requests. You can keep these rules in your project directory
[info] and publish them with firebase deploy.
[info] 
[debug] [2026-04-12T13:40:17.411Z] ExitPromptError: User force closed the prompt with SIGINT
    at Interface.sigint (C:\Users\gabri\AppData\Roaming\npm\node_modules\firebase-tools\node_modules\@inquirer\core\dist\commonjs\lib\create-prompt.js:101:37)
    at Interface.emit (node:events:508:28)
    at [_ttyWrite] [as _ttyWrite] (node:internal/readline/interface:1327:18)
    at ReadStream.onkeypress (node:internal/readline/interface:284:20)
    at ReadStream.emit (node:events:520:35)
    at emitKeys (node:internal/readline/utils:371:14)
    at emitKeys.next (<anonymous>)
    at ReadStream.onData (node:internal/readline/emitKeypressEvents:64:36)
    at ReadStream.emit (node:events:508:28)
    at addChunk (node:internal/streams/readable:563:12)
[error] 
[error] Error: An unexpected error has occurred.
